
Setup
===
Number of runs:           3
Target size:            500.00 MB
Buffer size:              3.00 MB
Chunk size:          100000
Number of records: 16384000
Number of chunks:       164

Fix Size Schema (int64 only)
---
SciDB size:         500.05 MB
In-memory size:       0.00 MB
File size:          508.32 MB

Save
===
Fix Size Schema (int64 only)
---
Binary:   2.98 seconds 168.01 MB/second
Arrow:    1.71 seconds 292.23 MB/second
